{
  "data": {
    "westSourceAll": [
      {
        "naming": "West",
        "tables": null
      }
    ]
  }
}
