{
  "data": {
    "schemaDatabase": {
      "connectionString": "Host=127.0.0.1;Port=55200;Database=postgres;Username=postgres;Password=postgres",
      "message": "Failed to connect to 127.0.0.1:55200",
      "__typename": "FailConnectError"
    }
  }
}
