{
  "data": {
    "westSource": {
      "naming": "Test_Duplicate",
      "tables": [
        {
          "systemName": "TableX",
          "naming": "TableX"
        },
        {
          "systemName": "Table",
          "naming": "Table"
        }
      ]
    }
  }
}
