{
  "data": {
    "schemaDatabase": {
      "incorrectConnectionString": "some connection string mysql",
      "message": "Format of the initialization string does not conform to specification starting at index 0.",
      "__typename": "IncorrectConnectionStringError"
    }
  }
}
