{
  "data": {
    "deleteApp": {
      "app": {
        "name": "Тестовое приложение dataseed"
      },
      "errors": null
    }
  }
}
