{
  "data": {
    "deactivateApp": {
      "app": {
        "enabled": false
      },
      "errors": null
    }
  }
}
