{
  "data": {
    "activateApp": {
      "app": {
        "enabled": true,
        "name": "Тестовое приложение dataseed",
        "version": {
          "major": 777,
          "minor": 999,
          "patch": 100500
        }
      },
      "errors": null
    }
  }
}
