{
  "data": {
    "changeFolderBlobName": {
      "folderBlob": {
        "id": "Rm9sZGVyQmxvYjp57bnf1uXmRq/eujZQB0Tf",
        "name": "Test2"
      },
      "errors": null
    }
  }
}
